// Jest Snapshot v1, https://goo.gl/fbAQLP

exports[`renders a main component 1`] = `
<h1>
  Hello and welcome :)
</h1>
`;
